Question: According to the project wiki, what steps are needed to protect a branch on GitHub?

--- Iteration 1 ---
Calling LLM at http://localhost:42005/v1/chat/completions...
LLM returned 1 tool call(s)
Executing tool: list_files({'path': 'wiki'})
Tool result: api.md
architectural-views.md
architecture.md
autochecker.md
backend.md
bash.md
browser-developer-to...

--- Iteration 2 ---
Calling LLM at http://localhost:42005/v1/chat/completions...
LLM returned 1 tool call(s)
Executing tool: read_file({'path': 'wiki/github.md'})
Tool result: # `GitHub`

<h2>Table of contents</h2>

- [What is `GitHub`](#what-is-github)
- [The `GitHub` site](...

--- Iteration 3 ---
Calling LLM at http://localhost:42005/v1/chat/completions...
LLM returned final answer
{"answer": "I found the section on protecting a branch in the GitHub wiki. Here are the steps needed to protect a branch on GitHub according to the project wiki:\n\n## Protect a branch\n\n1. [Go to your fork](#go-to-your-fork).\n2. Go to `Settings`.\n3. Go to `Code and automation`.\n4. Click `Rules`.\n5. Click `Rulesets`.\n6. Click `New ruleset`.\n7. Click `New branch ruleset`.\n8. Set:\n   1. `Ruleset Name`: `push`\n   2. `Enforcement status`: `Active`\n   3. `Target branches` -> `Add target` -> `Include default branch`\n   4. `Branch rules`:\n      - [x] `Restrict deletions`\n      - [x] `Require a pull request before merging`:\n         - `Required approvals`: `1`\n         - `Require conversation resolution before merging`\n         - `Allowed merge methods`: `Merge`.\n      - [x] Block force pushes\n\nSource: github.md", "source": "wiki/github.md", "tool_calls": [{"tool": "list_files", "args": {"path": "wiki"}, "result": "api.md\narchitectural-views.md\narchitecture.md\nautochecker.md\nbackend.md\nbash.md\nbrowser-developer-tools.md\ncaddy.md\ncli.md\ncoding-agents.md\ncommunication-protocol.md\ncomputer-networks.md\ndatabase-modeling.md\ndatabase.md\ndirenv.md\ndocker-compose-yml.md\ndocker-compose.md\ndocker-postgres.md\ndocker.md\ndotenv-docker-secret.md\ndotenv-tests-e2e-secret.md\ndotenv-tests-unit-secret.md\nenvironments.md\nfile-formats.md\nfile-system.md\nfrontend-dotenv-secret.md\nfrontend.md\ngit-vscode.md\ngit-workflow.md\ngit.md\ngithub.md\ngitlens.md\nhttp-auth.md\nhttp.md\nimages\nlab-1\nlab.md\nlinux-distros.md\nlinux.md\nllm.md\nnix-devshell.md\nnix-flake.md\nnix.md\nnodejs.md\noperating-system.md\npackage-manager.md\npgadmin.md\npostgresql.md\nprogramming-language.md\npyproject-toml.md\npython.md\nquality-assurance.md\nqwen.md\nrequirements.md\nrest-api.md\nsecurity.md\nshell.md\nsoftware-types.md\nsql.md\nssh.md\nswagger.md\nterminal.md\nuseful-programs.md\nvisualize-architecture.md\nvm-autochecker.md\nvm-hardening.md\nvm-info.md\nvm.md\nvs-code.md\nvscode-python.md\nweb-api.md\nweb-infrastructure.md"}, {"tool": "read_file", "args": {"path": "wiki/github.md"}, "result": "# `GitHub`\n\n<h2>Table of contents</h2>\n\n- [What is `GitHub`](#what-is-github)\n- [The `GitHub` site](#the-github-site)\n- [`GitHub` API](#github-api)\n- [`GitHub` username](#github-username)\n  - [`<your-github-username>`](#your-github-username)\n  - [Find `<your-github-username>`](#find-your-github-username)\n- [Repository](#repository)\n  - [`<repo-name>`](#repo-name)\n  - [`<repo-url>`](#repo-url)\n  - [`upstream`](#upstream)\n  - [`origin`](#origin)\n  - [Browse a repository revision](#browse-a-repository-revision)\n  - [Make your repository public](#make-your-repository-public)\n- [Repository owner](#repository-owner)\n  - [`<repo-owner-github-username>`](#repo-owner-github-username)\n- [Fork](#fork)\n  - [Fork a repo](#fork-a-repo)\n  - [`<your-fork-url>`](#your-fork-url)\n  - [Go to your fork](#go-to-your-fork)\n- [Issue](#issue)\n  - [Issue elements](#issue-elements)\n  - [Who can create issues](#who-can-create-issues)\n  - [Issue form](#issue-form)\n  - [Create an issue](#create-an-issue)\n- [Pull request](#pull-request)\n  - [Base repository](#base-repository)\n  - [Head repository](#head-repository)\n  - [Default branch](#default-branch)\n  - [Base branch](#base-branch)\n  - [What is a compare branch](#what-is-a-compare-branch)\n    - [`<compare-branch>`](#compare-branch)\n- [Create a pull request in your fork](#create-a-pull-request-in-your-fork)\n  - [Open the PR editor using `GitHub`](#open-the-pr-editor-using-github)\n    - [Open the PR editor using a button](#open-the-pr-editor-using-a-button)\n    - [Open the PR editor using `Pull requests`](#open-the-pr-editor-using-pull-requests)\n    - [Open the PR editor using the branch list](#open-the-pr-editor-using-the-branch-list)\n  - [Finish creating a PR](#finish-creating-a-pr)\n- [Label](#label)\n  - [Create a label](#create-a-label)\n  - [Add a label to issues](#add-a-label-to-issues)\n  - [See all issues with a label](#see-all-issues-with-a-label)\n- [Settings](#settings)\n  - [Enable issues](#enable-issues)\n  - [Add a collaborator](#add-a-collaborator)\n  - [Protect a branch](#protect-a-branch)\n- [Personal access token (PAT)](#personal-access-token-pat)\n  - [Create a PAT (classic)](#create-a-pat-classic)\n- [`GitHub flow`](#github-flow)\n- [`GitHub Projects`](#github-projects)\n- [`GitHub Actions`](#github-actions)\n- [Secrets](#secrets)\n  - [Add a secret](#add-a-secret)\n- [File preview](#file-preview)\n  - [`Markdown` file preview](#markdown-file-preview)\n    - [Copy code block](#copy-code-block)\n\n## What is `GitHub`\n\n`GitHub` is a web-based platform for hosting [`Git`](./git.md#what-is-git) repositories and collaborating on software projects.\n\nIt extends `Git` with features such as [issues](#issue) for tracking tasks and bugs, [pull requests](#pull-request) for proposing and reviewing changes, and [`GitHub Actions`](#github-actions) for automating workflows.\n\nDocs:\n\n- [GitHub Docs](https://docs.github.com)\n\n## The `GitHub` site\n\nThe `GitHub` site has this [URL](./computer-networks.md#url): <https://github.com>.\n\n## `GitHub` API\n\nThe `GitHub` API is a [REST API](./rest-api.md#what-is-a-rest-api) that lets programs interact with `GitHub` resources \u2014 repositories, issues, pull requests, and more \u2014 without using the `GitHub` site.\n\nRequests to the `GitHub` API are [authenticated](./http-auth.md#http-authentication) using a [personal access token (PAT)](#personal-access-token-pat).\n\nDocs:\n\n- [GitHub REST API documentation](https://docs.github.com/en/rest)\n\n## `GitHub` username\n\nA `GitHub` username is a unique identifier of a user or an organization on [the `GitHub` site](#the-github-site).\n\nExample of a username: `inno-se-toolkit`.\n\nNote that this username doesn't include `@`.\n\n### `<your-github-username>`\n\nAssume `<your-github-username>` is your [`GitHub` username](#github-username).\n\n`<your-github-username>` doesn't include `@`.\n\n### Find `<your-github-username>`\n\n1. Go to the [`GitHub` site](#the-github-site).\n2. Sign in if necessary.\n3. You'll see your username in the top left corner.\n\n## Repository\n\nA repository (or \"repo\") is a storage location for files that are version-controlled using [`Git`](./git.md#what-is-git).\n\nA `GitHub` repository contains not only project files but also additional collaborative features such as [issues](#issue) for tracking bugs and tasks, [pull requests](#pull-request) for code review and merging changes, and [Projects](#github-projects) for organizing work.\n\n### `<repo-name>`\n\nA [repository](#repository) name.\n\nThe name must be unique among repositories of the [repository owner](#repository-owner).\n\n### `<repo-url>`\n\nWe use `<repo-url>` to refer to a repository [URL](./computer-networks.md#url).\n\nA repository URL is typically `https://github.com/<repo-owner-github-username>/<repo-name>`.\nPlaceholder values:\n\n- See [`<repo-owner-github-username>`](#repo-owner-github-username).\n- `<repo-name>` is the name of the repository.\n\n### `upstream`\n\nIn [`Git`](./git.md#what-is-git), `upstream` is the conventional name for the [remote](./git.md#what-is-remote) that points to the original [repository](#repository) that was [forked](#fork).\n\n### `origin`\n\nIn [`Git`](./git.md#what-is-git), `origin` is the conventional name for the [remote](./git.md#what-is-remote) that points to your own copy of the [repository](#repository) \u2014 typically [your fork](#fork).\n\nFor example, if your fork [URL](./computer-networks.md#url) is [`<your-fork-url>`](#your-fork-url), then `origin` points to that URL.\n\nYou can verify which URLs `origin` and `upstream` point to by [inspecting remotes](./gitlens.md#inspect-the-remotes).\n\n### Browse a repository revision\n\nYou can browse a repository at a particular [revision](./git.md#revision): `<repo-url>/tree/<revision>`.\n\n- See [`<repo-url>`](#repo-url).\n- Replace the `<revision>` at the end of the [URL](./computer-networks.md#url) with an actual [revision](./git.md#revision).\n\nExample: <https://github.com/nixos/nixpkgs/tree/26eaeac4e409d7b5a6bf6f90a2a2dc223c78d915>\n\n### Make your repository public\n\n1. If you don't see `Public` near your repo name, [make your repo public](https://docs.github.com/en/repositories/managing-your-repositorys-settings-and-features/managing-repository-settings/setting-repository-visibility#changing-a-repositorys-visibility).\n\n## Repository owner\n\nRepository owner is an account where the repo is currently stored.\n\n### `<repo-owner-github-username>`\n\n[`GitHub` username](#github-username) of the [repository owner](#repository-owner).\n\n## Fork\n\nA fork is a copy of an original project repository on `GitHub` that allows you to freely experiment with changes without affecting the original project repository.\n\nWhen you fork a repository on `GitHub`, you create a personal copy under your `GitHub` account where you can make modifications, test features, and propose changes back to the original repository through [pull requests](#pull-request).\n\n### Fork a repo\n\n1. Go to `GitHub`.\n2. Go to the repo that you want to fork.\n3. Click `Fork`.\n   1. Click `Choose an owner`.\n   2. Click [`<your-github-username>`](#your-github-username) to make you the repo owner.\n   3. Click `Create fork`.\n\n### `<your-fork-url>`\n\nThe [URL](./computer-networks.md#url) of your [fork](#fork).\n\nAssume the [URL](./computer-networks.md#url) of the [repo that you forked](#fork-a-repo) is `https://github.com/<repo-owner-github-username>/<repo-name>`.\n\nThen, your fork URL should look like `https://github.com/<your-github-username>/<repo-name>`.\n\nSee also:\n\n- [`<your-github-username>`](#your-github-username)\n- [`<repo-name>`](#repo-name).\n\n### Go to your fork\n\n1. Open [`<your-fork-url>`](#your-fork-url) in a browser.\n\n## Issue\n\nA `GitHub` issue is a unit of work or discussion related to a `GitHub` [repository](#repository).\n\nIssues are used to track tasks, bugs, enhancements, feature requests, and other activities related to a project.\n\nThey serve as a centralized place for collaboration and communication around specific topics or work items.\n\n### Issue elements\n\n- A descriptive title that summarizes the topic\n- A detailed description explaining the problem, task, or idea\n- Labels to categorize and prioritize the issue\n- Assignees who are responsible for addressing the issue\n- Comments for ongoing discussion and updates\n- Milestones to group related issues together\n- Reactions (like \ud83d\udc4d, \ud83d\udc4e) to gauge community sentiment\n\n### Who can create issues\n\nIssues can be created by repository collaborators or by anyone with access to the repository (if the repository allows public issues).\n\nThey are an essential part of the [`GitHub flow`](#github-flow), allowing teams to plan, discuss, and track work effectively.\n\n### Issue form\n\nA repository owner can [provide issue forms](https://docs.github.com/en/communities/using-templates-to-encourage-useful-issues-and-pull-requests/configuring-issue-templates-for-your-repository#creating-issue-forms) so that users are forced to create issues in a given format.\n\nExamples of issue forms:\n\n- `Lab Task` defined in [`.github/ISSUE_TEMPLATE/01-task.yml`](../.github/ISSUE_TEMPLATE/01-task.yml)\n- `Bug Report` defined in [`.github/ISSUE_TEMPLATE/01-task.yml`](../.github/ISSUE_TEMPLATE/01-task.yml)\n\n### Create an issue\n\n1. Go to [`GitHub`](#the-github-site).\n2. Go to the repo where you want to create an issue.\n3. Click `Issues`.\n\n   <img alt=\"GitHub Issues\" src=\"./images/github/issues.png\" style=\"width:400px\"></img>\n4. Click `New Issue`.\n5. Click one of the suggested [issue forms](#issue-form).\n6. In the `Add a title` input field, edit the title.\n7. Fill out other input fields.\n8. Click `Create`.\n\n## Pull request\n\n### Base repository\n\nThe base repository is the [repository](#repository) into which the changes are merged.\n\nWhen creating a [pull request](#pull-request) from a [fork](#fork), the base repository can be the fork itself or the [upstream](#upstream) repository that was forked.\n\n### Head repository\n\nThe head repository is the [repository](#repository) that contains the changes you want to merge.\n\nWhen creating a [pull request](#pull-request) from a [fork](#fork) for the cours e labs, the head repository is your fork, not the upstream repostory.\n\n### Default branch\n\nThe default branch is the primary branch of a [repository](#repository), typically named `main`.\n\nNew [pull requests](#pull-request) and code merges target the default branch by default.\n\n### Base branch\n\nThe base branch is the branch in the [base repository](#base-repository) that you want to merge your changes into.\n\n### What is a compare branch\n\nThe compare branch (also called the \"pull request branch\" or \"head branch\") is the branch that contains the changes you want to merge into the [base branch](#base-branch).\n\n#### `<compare-branch>`\n\nA placeholder for the name of the [compare branch](#compare-branch).\n\n## Create a pull request in your fork\n\n1. [Open the PR editor using `GitHub`](#open-the-pr-editor-using-github)\n2. [Finish creating a PR](#finish-creating-a-pr)\n\n<!-- TODO explain better\n> [!TIP]\n> You can also [create a PR using  `GitHub Pull Requests` extension](https://code.visualstudio.com/docs/sourcecontrol/github#_creating-pull-requests).\n-->\n\n### Open the PR editor using `GitHub`\n\n- Method 1: [Open the PR editor using a button](#open-the-pr-editor-using-a-button)\n- Method 2: [Open the PR editor using `Pull requests`](#open-the-pr-editor-using-pull-requests)\n- Method 3: [Open the PR editor using the branch list](#open-the-pr-editor-using-the-branch-list)- [Finish creating a PR](#finish-creating-a-pr)\n\n#### Open the PR editor using a button\n\n1. [Go to your fork](#go-to-your-fork).\n2. If you see the `Compare & pull request` button, click it.\n\n   Otherwise, [open the PR editor using another method](#open-the-pr-editor-using-github).\n\n#### Open the PR editor using `Pull requests`\n\n1. [Go to your fork](#go-to-your-fork).\n2. Click `Pull requests`.\n3. Click `New pull request`.\n4. Select your fork as the [base repository](#base-repository):\n   1. Click `base repository: <repo-owner-github-username>/<repo-name>`.\n   2. In `Filter repos`, write `<your-github-username>`.\n   3. Click `<your-github-username>/<repo-name>` to select your fork.\n5. Select `main` as the [base branch](#base-branch):\n   1. Click `base: <branch>`.\n   2. In `Find a branch`, write `main`.\n   3. Click `main` in the list.\n6. Select `<compare-branch>` as the [compare branch](#compare-branch):\n   1. Click `compare: main`.\n   2. In `Find a branch`, write [`<compare-branch>`](#compare-branch).\n   3. Click the `<compare-branch>` in the list.\n7. Click `Create pull request`.\n\n#### Open the PR editor using the branch list\n\n1. [Go to your fork](#go-to-your-fork).\n2. Click `main` under the repo name to view all branches.\n3. Click `<branch>` that you want to use for PR.\n4. You'll see the `Contribute` button if the branch has commits that aren't yet in the `main` branch.\n5. Click `Contribute`.\n6. Click `Open pull request`.\n\n### Finish creating a PR\n\n1. Write the PR title.\n2. Write the PR description.\n3. [Link the PR](https://docs.github.com/en/issues/tracking-your-work-with-issues/using-issues/linking-a-pull-request-to-an-issue#linking-a-pull-request-to-an-issue-using-a-keyword) to the issue, e.g. `Closes #<issue-number>`.\n\n   **Note:** linking an issue works only for PRs that have the repo [default branch](#default-branch) as the [base branch](#base-branch).\n4. Check the boxes under the PR description.\n5. Click `Create pull request`.\n\n## Label\n\nA [label](https://docs.github.com/en/issues/using-labels-and-milestones-to-track-work/managing-labels) helps you filter and organize [issues](#issue).\n\n### Create a label\n\n1. [Go to your fork](#go-to-your-fork).\n2. Go to `Issues` -> `Labels`.\n3. Create a new label:\n   1. Click `New label`.\n   2. Name: `<label-name>`.\n   3. Click `Create label`.\n\n### Add a label to issues\n\n1. [Go to your fork](#go-to-your-fork).\n2. [Add](https://github.com/orgs/community/discussions/53473#discussioncomment-5697478) the `<label-name>` label to some of your issues.\n\n### See all issues with a label\n\n1. [Go to your fork](#go-to-your-fork).\n2. Go to `Issues`.\n3. If you don't see any `Open` issues, click `Closed`.\n4. Filter issues by the label:\n   1. Click `Labels`.\n   2. In the `Filter labels` input area, write `<label-name>`.\n   3. Click the suggested label.\n5. You should see all issues that have the `<label-name>` label.\n\n## Settings\n\n- [Enable issues](#enable-issues)\n- [Add a collaborator](#add-a-collaborator)\n- [Protect a branch](#protect-a-branch)\n\n### Enable issues\n\n1. [Go to your fork](#go-to-your-fork).\n2. Go to `Settings` -> `General` -> `Features`.\n3. Check the box near `Issues`.\n4. [Go to your fork](#go-to-your-fork).\n\n   You should see the `Issues` tab.\n   Example:\n\n   <img alt=\"GitHub Issues\" src=\"./images/github/issues-tab.png\" style=\"width:400px\"></img>\n\n### Add a collaborator\n\n1. [Go to your fork](#go-to-your-fork).\n2. Go to `Settings` -> `Collaborators` -> `Add people`.\n3. Add the person as a collaborator.\n4. Make sure the collaborator has accepted the invitation sent to their email.\n\n### Protect a branch\n\n1. [Go to your fork](#go-to-your-fork).\n2. Go to `Settings`.\n3. Go to `Code and automation`.\n4. Click `Rules`.\n5. Click `Rulesets`.\n6. Click `New ruleset`.\n7. Click `New branch ruleset`.\n8. Set:\n\n   1. `Ruleset Name`: `push`\n   2. `Enforcement status`: `Active`\n   3. `Target branches` -> `Add target` -> `Include default branch`\n   4. `Branch rules`:\n      - [x] `Restrict deletions`\n      - [x] `Require a pull request before merging`:\n         - `Required approvals`: `1`\n         - `Require conversation resolution before merging`\n         - `Allowed merge methods`: `Merge`.\n      - [x] Block force pushes\n\n## Personal access token (PAT)\n\nA personal access token (PAT) is a credential that authenticates you to [`GitHub`](#what-is-github) in place of a password.\n\nPATs are used when accessing `GitHub` over [`HTTPS`](./http.md#https) \u2014 for example, when pushing to a [repository](#repository) from the command line or making requests to the [`GitHub` API](#github-api).\n\n### Create a PAT (classic)\n\n1. Open in a browser <https://github.com/>.\n2. Click your profile icon in the top right corner.\n3. Click `Settings`.\n4. Scroll down until `Developer settings` in the left sidebar.\n5. Click `Developer settings`.\n6. Click `Personal access tokens`.\n7. Click `Tokens (classic)`.\n8. Click `Generate new token`.\n9. Click `Generate new token (classic)`.\n10. Write a note.\n11. Go to `Select scopes`.\n12. Check the marks near:\n    - `repo`\n    - `workflow`\n\n    <img alt=\"GitHub Issues\" src=\"./images/github/pat-classic-permissions.png\" style=\"width:400px\"></img>\n\n13. Scroll to the bottom of the page.\n14. Click `Generate token`.\n\n## `GitHub flow`\n\n`GitHub` flow is a process for organizing the work on a repository.\nIt can be used both by individual developers and teams.\n\nSee [GitHub flow](https://docs.github.com/en/get-started/using-github/github-flow).\n\n## `GitHub Projects`\n\n<!-- TODO structure better and simplify -->\n\n`GitHub Projects` is a project management tool integrated directly into `GitHub` that helps you plan, track, and manage your work. With `GitHub Projects`, you can create boards to organize [issues](#issue), [pull requests](#pull-request), and notes in a customizable workflow.\n\nKey features of `GitHub Projects` include:\n\n- **Boards**: Visual Kanban-style boards to track work items across different stages (e.g., To Do, In Progress, Done)\n- **Automation**: Built-in automation rules to move items between columns based on status changes\n- **Views**: Multiple view options including board, table, and roadmap views\n- **Integration**: Direct integration with issues and pull requests in your repositories\n- **Custom fields**: Ability to add custom fields to track additional information like priority, team, or estimates\n- **Templates**: Pre-built templates for common workflows like Agile, Scrum, or basic task tracking\n\n`GitHub Projects` can be scoped to a single repository or span multiple repositories, making it ideal for managing work across entire organizations or teams.\n\nYou can use Projects to plan sprints, track bug fixes, manage feature development, or coordinate any other collaborative work.\n\n## `GitHub Actions`\n\n`GitHub Actions` is a `CI/CD` platform built into `GitHub` that runs automated workflows when events happen in a [repository](#repository) \u2014 for example, on every push to `main`.\n\nWorkflows are defined as `YAML` files in `.github/workflows/`.\n\nDocs:\n\n- [`GitHub Actions`](https://docs.github.com/en/actions)\n\n## Secrets\n\nA `GitHub` secret is an encrypted environment variable stored in a [repository](#repository). Secrets are used to store sensitive values like API keys, passwords, and tokens so they are not exposed in workflow files.\n\nSecrets are accessed in workflow files as `${{ secrets.SECRET_NAME }}`.\n\n### Add a secret\n\n1. [Go to your fork](#go-to-your-fork).\n2. Go to `Settings` \u2192 `Secrets and variables` \u2192 `Actions`.\n3. Click `New repository secret`.\n4. Enter the secret name and value.\n5. Click `Add secret`.\n\n## File preview\n\n### `Markdown` file preview\n\n#### Copy code block\n\nIn a code block, click the copy icon to copy the block of code.\n\n<img alt=\"Copy code block\" src=\"./images/github/code-block-copy.png\" style=\"width:100px\"></img>\n\nCode block example:\n\n```terminal\nls .\n```\n"}]}
